tidigits/disc_4.1.1/tidigits/train//man/ae/12a.wav
tidigits/disc_4.1.1/tidigits/train//man/ae/161a.wav
tidigits/disc_4.1.1/tidigits/train//man/ae/18174a.wav
tidigits/disc_4.1.1/tidigits/train//man/ae/1986a.wav
tidigits/disc_4.1.1/tidigits/train//man/ae/1a.wav
tidigits/disc_4.1.1/tidigits/train//man/ae/1b.wav
tidigits/disc_4.1.1/tidigits/train//man/ae/1z88153a.wav
tidigits/disc_4.1.1/tidigits/train//man/ae/2364213a.wav
tidigits/disc_4.1.1/tidigits/train//man/ae/23a.wav
tidigits/disc_4.1.1/tidigits/train//man/ae/2789385a.wav
tidigits/disc_4.1.1/tidigits/train//man/ae/2992a.wav
tidigits/disc_4.1.1/tidigits/train//man/ae/29a.wav
tidigits/disc_4.1.1/tidigits/train//man/ae/2a.wav
tidigits/disc_4.1.1/tidigits/train//man/ae/2b.wav
tidigits/disc_4.1.1/tidigits/train//man/ae/32zzza.wav
tidigits/disc_4.1.1/tidigits/train//man/ae/338z4a.wav
tidigits/disc_4.1.1/tidigits/train//man/ae/345a.wav
tidigits/disc_4.1.1/tidigits/train//man/ae/3713466a.wav
tidigits/disc_4.1.1/tidigits/train//man/ae/3a.wav
tidigits/disc_4.1.1/tidigits/train//man/ae/3b.wav
tidigits/disc_4.1.1/tidigits/train//man/ae/3o2oa.wav
tidigits/disc_4.1.1/tidigits/train//man/ae/46a.wav
tidigits/disc_4.1.1/tidigits/train//man/ae/47a.wav
tidigits/disc_4.1.1/tidigits/train//man/ae/49za.wav
tidigits/disc_4.1.1/tidigits/train//man/ae/4a.wav
tidigits/disc_4.1.1/tidigits/train//man/ae/4b.wav
tidigits/disc_4.1.1/tidigits/train//man/ae/4oo9a.wav
tidigits/disc_4.1.1/tidigits/train//man/ae/4z4a.wav
tidigits/disc_4.1.1/tidigits/train//man/ae/52251a.wav
tidigits/disc_4.1.1/tidigits/train//man/ae/52o82a.wav
tidigits/disc_4.1.1/tidigits/train//man/ae/562a.wav
tidigits/disc_4.1.1/tidigits/train//man/ae/59976a.wav
tidigits/disc_4.1.1/tidigits/train//man/ae/5a.wav
tidigits/disc_4.1.1/tidigits/train//man/ae/5b.wav
tidigits/disc_4.1.1/tidigits/train//man/ae/5za.wav
tidigits/disc_4.1.1/tidigits/train//man/ae/658a.wav
tidigits/disc_4.1.1/tidigits/train//man/ae/6711a.wav
tidigits/disc_4.1.1/tidigits/train//man/ae/67a.wav
tidigits/disc_4.1.1/tidigits/train//man/ae/6825969a.wav
tidigits/disc_4.1.1/tidigits/train//man/ae/6851243a.wav
tidigits/disc_4.1.1/tidigits/train//man/ae/6a.wav
tidigits/disc_4.1.1/tidigits/train//man/ae/6b.wav
tidigits/disc_4.1.1/tidigits/train//man/ae/72o3a.wav
tidigits/disc_4.1.1/tidigits/train//man/ae/75443z7a.wav
tidigits/disc_4.1.1/tidigits/train//man/ae/7588oa.wav
tidigits/disc_4.1.1/tidigits/train//man/ae/79442a.wav
tidigits/disc_4.1.1/tidigits/train//man/ae/7963a.wav
tidigits/disc_4.1.1/tidigits/train//man/ae/7a.wav
tidigits/disc_4.1.1/tidigits/train//man/ae/7b.wav
tidigits/disc_4.1.1/tidigits/train//man/ae/8397261a.wav
tidigits/disc_4.1.1/tidigits/train//man/ae/84a.wav
tidigits/disc_4.1.1/tidigits/train//man/ae/873a.wav
tidigits/disc_4.1.1/tidigits/train//man/ae/8a.wav
tidigits/disc_4.1.1/tidigits/train//man/ae/8b.wav
tidigits/disc_4.1.1/tidigits/train//man/ae/8o45647a.wav
tidigits/disc_4.1.1/tidigits/train//man/ae/8z1a.wav
tidigits/disc_4.1.1/tidigits/train//man/ae/91955a.wav
tidigits/disc_4.1.1/tidigits/train//man/ae/928a.wav
tidigits/disc_4.1.1/tidigits/train//man/ae/93a.wav
tidigits/disc_4.1.1/tidigits/train//man/ae/95oa.wav
tidigits/disc_4.1.1/tidigits/train//man/ae/9a.wav
tidigits/disc_4.1.1/tidigits/train//man/ae/9b.wav
tidigits/disc_4.1.1/tidigits/train//man/ae/9o37oa.wav
tidigits/disc_4.1.1/tidigits/train//man/ae/o2a.wav
tidigits/disc_4.1.1/tidigits/train//man/ae/o5o1oa.wav
tidigits/disc_4.1.1/tidigits/train//man/ae/o6oa.wav
tidigits/disc_4.1.1/tidigits/train//man/ae/o984a.wav
tidigits/disc_4.1.1/tidigits/train//man/ae/oa.wav
tidigits/disc_4.1.1/tidigits/train//man/ae/ob.wav
tidigits/disc_4.1.1/tidigits/train//man/ae/oo74a.wav
tidigits/disc_4.1.1/tidigits/train//man/ae/z1a.wav
tidigits/disc_4.1.1/tidigits/train//man/ae/z26za.wav
tidigits/disc_4.1.1/tidigits/train//man/ae/z36357za.wav
tidigits/disc_4.1.1/tidigits/train//man/ae/z541a.wav
tidigits/disc_4.1.1/tidigits/train//man/ae/z9z6531a.wav
tidigits/disc_4.1.1/tidigits/train//man/ae/za.wav
tidigits/disc_4.1.1/tidigits/train//man/ae/zb.wav
tidigits/disc_4.1.1/tidigits/train//man/aj/14a.wav
tidigits/disc_4.1.1/tidigits/train//man/aj/15z2za.wav
tidigits/disc_4.1.1/tidigits/train//man/aj/16a.wav
tidigits/disc_4.1.1/tidigits/train//man/aj/1978213a.wav
tidigits/disc_4.1.1/tidigits/train//man/aj/1a.wav
tidigits/disc_4.1.1/tidigits/train//man/aj/1b.wav
tidigits/disc_4.1.1/tidigits/train//man/aj/1z61257a.wav
tidigits/disc_4.1.1/tidigits/train//man/aj/2272a.wav
tidigits/disc_4.1.1/tidigits/train//man/aj/22a.wav
tidigits/disc_4.1.1/tidigits/train//man/aj/23o18a.wav
tidigits/disc_4.1.1/tidigits/train//man/aj/2858z96a.wav
tidigits/disc_4.1.1/tidigits/train//man/aj/2a.wav
tidigits/disc_4.1.1/tidigits/train//man/aj/2b.wav
tidigits/disc_4.1.1/tidigits/train//man/aj/2z86a.wav
tidigits/disc_4.1.1/tidigits/train//man/aj/3324a.wav
tidigits/disc_4.1.1/tidigits/train//man/aj/3643473a.wav
tidigits/disc_4.1.1/tidigits/train//man/aj/37a.wav
tidigits/disc_4.1.1/tidigits/train//man/aj/395a.wav
tidigits/disc_4.1.1/tidigits/train//man/aj/3a.wav
tidigits/disc_4.1.1/tidigits/train//man/aj/3b.wav
tidigits/disc_4.1.1/tidigits/train//man/aj/3za.wav
tidigits/disc_4.1.1/tidigits/train//man/aj/4198za.wav
tidigits/disc_4.1.1/tidigits/train//man/aj/42759a.wav
tidigits/disc_4.1.1/tidigits/train//man/aj/4487a.wav
tidigits/disc_4.1.1/tidigits/train//man/aj/451a.wav
tidigits/disc_4.1.1/tidigits/train//man/aj/495a.wav
tidigits/disc_4.1.1/tidigits/train//man/aj/4a.wav
tidigits/disc_4.1.1/tidigits/train//man/aj/4b.wav
tidigits/disc_4.1.1/tidigits/train//man/aj/51o7oo4a.wav
tidigits/disc_4.1.1/tidigits/train//man/aj/5299z32a.wav
tidigits/disc_4.1.1/tidigits/train//man/aj/53o8a.wav
tidigits/disc_4.1.1/tidigits/train//man/aj/5686z56a.wav
tidigits/disc_4.1.1/tidigits/train//man/aj/57692a.wav
tidigits/disc_4.1.1/tidigits/train//man/aj/5a.wav
tidigits/disc_4.1.1/tidigits/train//man/aj/5b.wav
tidigits/disc_4.1.1/tidigits/train//man/aj/62a.wav
tidigits/disc_4.1.1/tidigits/train//man/aj/64za.wav
tidigits/disc_4.1.1/tidigits/train//man/aj/6554546a.wav
tidigits/disc_4.1.1/tidigits/train//man/aj/663a.wav
tidigits/disc_4.1.1/tidigits/train//man/aj/69363a.wav
tidigits/disc_4.1.1/tidigits/train//man/aj/6a.wav
tidigits/disc_4.1.1/tidigits/train//man/aj/6b.wav
tidigits/disc_4.1.1/tidigits/train//man/aj/73a.wav
tidigits/disc_4.1.1/tidigits/train//man/aj/7413a.wav
tidigits/disc_4.1.1/tidigits/train//man/aj/766o344a.wav
tidigits/disc_4.1.1/tidigits/train//man/aj/77171a.wav
tidigits/disc_4.1.1/tidigits/train//man/aj/79z5za.wav
tidigits/disc_4.1.1/tidigits/train//man/aj/7a.wav
tidigits/disc_4.1.1/tidigits/train//man/aj/7b.wav
tidigits/disc_4.1.1/tidigits/train//man/aj/8314a.wav
tidigits/disc_4.1.1/tidigits/train//man/aj/8425a.wav
tidigits/disc_4.1.1/tidigits/train//man/aj/85za.wav
tidigits/disc_4.1.1/tidigits/train//man/aj/89a.wav
tidigits/disc_4.1.1/tidigits/train//man/aj/8a.wav
tidigits/disc_4.1.1/tidigits/train//man/aj/8b.wav
tidigits/disc_4.1.1/tidigits/train//man/aj/8o5a.wav
tidigits/disc_4.1.1/tidigits/train//man/aj/91175a.wav
tidigits/disc_4.1.1/tidigits/train//man/aj/9281a.wav
tidigits/disc_4.1.1/tidigits/train//man/aj/948a.wav
tidigits/disc_4.1.1/tidigits/train//man/aj/94968a.wav
tidigits/disc_4.1.1/tidigits/train//man/aj/98a.wav
tidigits/disc_4.1.1/tidigits/train//man/aj/9a.wav
tidigits/disc_4.1.1/tidigits/train//man/aj/9b.wav
tidigits/disc_4.1.1/tidigits/train//man/aj/o33oa.wav
tidigits/disc_4.1.1/tidigits/train//man/aj/o53a.wav
tidigits/disc_4.1.1/tidigits/train//man/aj/o6788a.wav
tidigits/disc_4.1.1/tidigits/train//man/aj/o8a.wav
tidigits/disc_4.1.1/tidigits/train//man/aj/o91a.wav
tidigits/disc_4.1.1/tidigits/train//man/aj/oa.wav
tidigits/disc_4.1.1/tidigits/train//man/aj/ob.wav
tidigits/disc_4.1.1/tidigits/train//man/aj/z35a.wav
tidigits/disc_4.1.1/tidigits/train//man/aj/z7a.wav
tidigits/disc_4.1.1/tidigits/train//man/aj/z9z1a.wav
tidigits/disc_4.1.1/tidigits/train//man/aj/za.wav
tidigits/disc_4.1.1/tidigits/train//man/aj/zb.wav
tidigits/disc_4.1.1/tidigits/train//man/aj/zz4655za.wav
tidigits/disc_4.1.1/tidigits/train//man/aj/zz72938a.wav
tidigits/disc_4.1.1/tidigits/train//man/al/11z7za.wav
tidigits/disc_4.1.1/tidigits/train//man/al/14za.wav
tidigits/disc_4.1.1/tidigits/train//man/al/1871986a.wav
tidigits/disc_4.1.1/tidigits/train//man/al/19z96z8a.wav
tidigits/disc_4.1.1/tidigits/train//man/al/1a.wav
tidigits/disc_4.1.1/tidigits/train//man/al/1b.wav
tidigits/disc_4.1.1/tidigits/train//man/al/1z77a.wav
tidigits/disc_4.1.1/tidigits/train//man/al/2124a.wav
tidigits/disc_4.1.1/tidigits/train//man/al/2567184a.wav
tidigits/disc_4.1.1/tidigits/train//man/al/2643oo5a.wav
tidigits/disc_4.1.1/tidigits/train//man/al/281a.wav
tidigits/disc_4.1.1/tidigits/train//man/al/29a.wav
tidigits/disc_4.1.1/tidigits/train//man/al/2a.wav
tidigits/disc_4.1.1/tidigits/train//man/al/2b.wav
tidigits/disc_4.1.1/tidigits/train//man/al/32a.wav
tidigits/disc_4.1.1/tidigits/train//man/al/3396a.wav
tidigits/disc_4.1.1/tidigits/train//man/al/3457a.wav
tidigits/disc_4.1.1/tidigits/train//man/al/38a.wav
tidigits/disc_4.1.1/tidigits/train//man/al/3a.wav
tidigits/disc_4.1.1/tidigits/train//man/al/3b.wav
tidigits/disc_4.1.1/tidigits/train//man/al/3z6a.wav
tidigits/disc_4.1.1/tidigits/train//man/al/411a.wav
tidigits/disc_4.1.1/tidigits/train//man/al/4379315a.wav
tidigits/disc_4.1.1/tidigits/train//man/al/4485a.wav
tidigits/disc_4.1.1/tidigits/train//man/al/46682a.wav
tidigits/disc_4.1.1/tidigits/train//man/al/4a.wav
tidigits/disc_4.1.1/tidigits/train//man/al/4b.wav
tidigits/disc_4.1.1/tidigits/train//man/al/4z623a.wav
tidigits/disc_4.1.1/tidigits/train//man/al/5122764a.wav
tidigits/disc_4.1.1/tidigits/train//man/al/5226zz8a.wav
tidigits/disc_4.1.1/tidigits/train//man/al/53a.wav
tidigits/disc_4.1.1/tidigits/train//man/al/5424o91a.wav
tidigits/disc_4.1.1/tidigits/train//man/al/5a.wav
tidigits/disc_4.1.1/tidigits/train//man/al/5b.wav
tidigits/disc_4.1.1/tidigits/train//man/al/5z3z5a.wav
tidigits/disc_4.1.1/tidigits/train//man/al/665a.wav
tidigits/disc_4.1.1/tidigits/train//man/al/67a.wav
tidigits/disc_4.1.1/tidigits/train//man/al/69a.wav
tidigits/disc_4.1.1/tidigits/train//man/al/6a.wav
tidigits/disc_4.1.1/tidigits/train//man/al/6b.wav
tidigits/disc_4.1.1/tidigits/train//man/al/6o73a.wav
tidigits/disc_4.1.1/tidigits/train//man/al/6z47458a.wav
tidigits/disc_4.1.1/tidigits/train//man/al/72729a.wav
tidigits/disc_4.1.1/tidigits/train//man/al/73759a.wav
tidigits/disc_4.1.1/tidigits/train//man/al/74789z4a.wav
tidigits/disc_4.1.1/tidigits/train//man/al/765o2a.wav
tidigits/disc_4.1.1/tidigits/train//man/al/775a.wav
tidigits/disc_4.1.1/tidigits/train//man/al/7a.wav
tidigits/disc_4.1.1/tidigits/train//man/al/7b.wav
tidigits/disc_4.1.1/tidigits/train//man/al/83979a.wav
tidigits/disc_4.1.1/tidigits/train//man/al/842a.wav
tidigits/disc_4.1.1/tidigits/train//man/al/8685a.wav
tidigits/disc_4.1.1/tidigits/train//man/al/87zzza.wav
tidigits/disc_4.1.1/tidigits/train//man/al/8a.wav
tidigits/disc_4.1.1/tidigits/train//man/al/8b.wav
tidigits/disc_4.1.1/tidigits/train//man/al/8o9a.wav
tidigits/disc_4.1.1/tidigits/train//man/al/94a.wav
tidigits/disc_4.1.1/tidigits/train//man/al/94b.wav
tidigits/disc_4.1.1/tidigits/train//man/al/95o4a.wav
tidigits/disc_4.1.1/tidigits/train//man/al/98169a.wav
tidigits/disc_4.1.1/tidigits/train//man/al/9a.wav
tidigits/disc_4.1.1/tidigits/train//man/al/9b.wav
tidigits/disc_4.1.1/tidigits/train//man/al/9o82a.wav
tidigits/disc_4.1.1/tidigits/train//man/al/o2a.wav
tidigits/disc_4.1.1/tidigits/train//man/al/o5a.wav
tidigits/disc_4.1.1/tidigits/train//man/al/o88oa.wav
tidigits/disc_4.1.1/tidigits/train//man/al/oa.wav
tidigits/disc_4.1.1/tidigits/train//man/al/ob.wav
tidigits/disc_4.1.1/tidigits/train//man/al/oo13492a.wav
tidigits/disc_4.1.1/tidigits/train//man/al/oo35a.wav
tidigits/disc_4.1.1/tidigits/train//man/al/z17a.wav
tidigits/disc_4.1.1/tidigits/train//man/al/z25a.wav
tidigits/disc_4.1.1/tidigits/train//man/al/z2a.wav
tidigits/disc_4.1.1/tidigits/train//man/al/z9za.wav
tidigits/disc_4.1.1/tidigits/train//man/al/za.wav
tidigits/disc_4.1.1/tidigits/train//man/al/zb.wav
tidigits/disc_4.1.1/tidigits/train//man/al/zz363a.wav
tidigits/disc_4.1.1/tidigits/train//man/aw/11z9a.wav
tidigits/disc_4.1.1/tidigits/train//man/aw/159a.wav
tidigits/disc_4.1.1/tidigits/train//man/aw/16a.wav
tidigits/disc_4.1.1/tidigits/train//man/aw/199oa.wav
tidigits/disc_4.1.1/tidigits/train//man/aw/1a.wav
tidigits/disc_4.1.1/tidigits/train//man/aw/1b.wav
tidigits/disc_4.1.1/tidigits/train//man/aw/1za.wav
tidigits/disc_4.1.1/tidigits/train//man/aw/2242a.wav
tidigits/disc_4.1.1/tidigits/train//man/aw/251a.wav
tidigits/disc_4.1.1/tidigits/train//man/aw/2568z23a.wav
tidigits/disc_4.1.1/tidigits/train//man/aw/2a.wav
tidigits/disc_4.1.1/tidigits/train//man/aw/2b.wav
tidigits/disc_4.1.1/tidigits/train//man/aw/2oa.wav
tidigits/disc_4.1.1/tidigits/train//man/aw/2z3z5a.wav
tidigits/disc_4.1.1/tidigits/train//man/aw/31242a.wav
tidigits/disc_4.1.1/tidigits/train//man/aw/33a.wav
tidigits/disc_4.1.1/tidigits/train//man/aw/33b.wav
tidigits/disc_4.1.1/tidigits/train//man/aw/3855a.wav
tidigits/disc_4.1.1/tidigits/train//man/aw/3966a.wav
tidigits/disc_4.1.1/tidigits/train//man/aw/3a.wav
tidigits/disc_4.1.1/tidigits/train//man/aw/3b.wav
tidigits/disc_4.1.1/tidigits/train//man/aw/413oa.wav
tidigits/disc_4.1.1/tidigits/train//man/aw/449za.wav
tidigits/disc_4.1.1/tidigits/train//man/aw/468a.wav
tidigits/disc_4.1.1/tidigits/train//man/aw/4898587a.wav
tidigits/disc_4.1.1/tidigits/train//man/aw/498a.wav
tidigits/disc_4.1.1/tidigits/train//man/aw/4a.wav
tidigits/disc_4.1.1/tidigits/train//man/aw/4b.wav
tidigits/disc_4.1.1/tidigits/train//man/aw/56a.wav
tidigits/disc_4.1.1/tidigits/train//man/aw/59523a.wav
tidigits/disc_4.1.1/tidigits/train//man/aw/5a.wav
tidigits/disc_4.1.1/tidigits/train//man/aw/5b.wav
tidigits/disc_4.1.1/tidigits/train//man/aw/5ooa.wav
tidigits/disc_4.1.1/tidigits/train//man/aw/5za.wav
tidigits/disc_4.1.1/tidigits/train//man/aw/5zza.wav
tidigits/disc_4.1.1/tidigits/train//man/aw/61o35a.wav
tidigits/disc_4.1.1/tidigits/train//man/aw/62a.wav
tidigits/disc_4.1.1/tidigits/train//man/aw/648ooa.wav
tidigits/disc_4.1.1/tidigits/train//man/aw/6777586a.wav
tidigits/disc_4.1.1/tidigits/train//man/aw/6a.wav
tidigits/disc_4.1.1/tidigits/train//man/aw/6b.wav
tidigits/disc_4.1.1/tidigits/train//man/aw/6o63263a.wav
tidigits/disc_4.1.1/tidigits/train//man/aw/728a.wav
tidigits/disc_4.1.1/tidigits/train//man/aw/74737a.wav
tidigits/disc_4.1.1/tidigits/train//man/aw/74a.wav
tidigits/disc_4.1.1/tidigits/train//man/aw/7844a.wav
tidigits/disc_4.1.1/tidigits/train//man/aw/7a.wav
tidigits/disc_4.1.1/tidigits/train//man/aw/7b.wav
tidigits/disc_4.1.1/tidigits/train//man/aw/7z28213a.wav
tidigits/disc_4.1.1/tidigits/train//man/aw/82a.wav
tidigits/disc_4.1.1/tidigits/train//man/aw/86o7a.wav
tidigits/disc_4.1.1/tidigits/train//man/aw/87a.wav
tidigits/disc_4.1.1/tidigits/train//man/aw/884o2o5a.wav
tidigits/disc_4.1.1/tidigits/train//man/aw/8a.wav
tidigits/disc_4.1.1/tidigits/train//man/aw/8b.wav
tidigits/disc_4.1.1/tidigits/train//man/aw/8z8a.wav
tidigits/disc_4.1.1/tidigits/train//man/aw/931a.wav
tidigits/disc_4.1.1/tidigits/train//man/aw/93971a.wav
tidigits/disc_4.1.1/tidigits/train//man/aw/943za.wav
tidigits/disc_4.1.1/tidigits/train//man/aw/97za.wav
tidigits/disc_4.1.1/tidigits/train//man/aw/9a.wav
tidigits/disc_4.1.1/tidigits/train//man/aw/9b.wav
tidigits/disc_4.1.1/tidigits/train//man/aw/9z6a.wav
tidigits/disc_4.1.1/tidigits/train//man/aw/o1434a.wav
tidigits/disc_4.1.1/tidigits/train//man/aw/o32ooa.wav
tidigits/disc_4.1.1/tidigits/train//man/aw/o46o183a.wav
tidigits/disc_4.1.1/tidigits/train//man/aw/o665o99a.wav
tidigits/disc_4.1.1/tidigits/train//man/aw/oa.wav
tidigits/disc_4.1.1/tidigits/train//man/aw/ob.wav
tidigits/disc_4.1.1/tidigits/train//man/aw/oo753a.wav
tidigits/disc_4.1.1/tidigits/train//man/aw/z4151z4a.wav
tidigits/disc_4.1.1/tidigits/train//man/aw/z78z1a.wav
tidigits/disc_4.1.1/tidigits/train//man/aw/z818a.wav
tidigits/disc_4.1.1/tidigits/train//man/aw/za.wav
tidigits/disc_4.1.1/tidigits/train//man/aw/zb.wav
tidigits/disc_4.1.1/tidigits/train//man/aw/zz16z55a.wav
tidigits/disc_4.1.1/tidigits/train//man/aw/zz36534a.wav
tidigits/disc_4.1.1/tidigits/train//woman/ac/13a.wav
tidigits/disc_4.1.1/tidigits/train//woman/ac/1473533a.wav
tidigits/disc_4.1.1/tidigits/train//woman/ac/172a.wav
tidigits/disc_4.1.1/tidigits/train//woman/ac/1911446a.wav
tidigits/disc_4.1.1/tidigits/train//woman/ac/1a.wav
tidigits/disc_4.1.1/tidigits/train//woman/ac/1b.wav
tidigits/disc_4.1.1/tidigits/train//woman/ac/1o1a.wav
tidigits/disc_4.1.1/tidigits/train//woman/ac/24z52a.wav
tidigits/disc_4.1.1/tidigits/train//woman/ac/26555a.wav
tidigits/disc_4.1.1/tidigits/train//woman/ac/282a.wav
tidigits/disc_4.1.1/tidigits/train//woman/ac/29a.wav
tidigits/disc_4.1.1/tidigits/train//woman/ac/29oa.wav
tidigits/disc_4.1.1/tidigits/train//woman/ac/2a.wav
tidigits/disc_4.1.1/tidigits/train//woman/ac/2b.wav
tidigits/disc_4.1.1/tidigits/train//woman/ac/32421a.wav
tidigits/disc_4.1.1/tidigits/train//woman/ac/33o31a.wav
tidigits/disc_4.1.1/tidigits/train//woman/ac/369o5a.wav
tidigits/disc_4.1.1/tidigits/train//woman/ac/37o1641a.wav
tidigits/disc_4.1.1/tidigits/train//woman/ac/39za.wav
tidigits/disc_4.1.1/tidigits/train//woman/ac/3a.wav
tidigits/disc_4.1.1/tidigits/train//woman/ac/3b.wav
tidigits/disc_4.1.1/tidigits/train//woman/ac/434a.wav
tidigits/disc_4.1.1/tidigits/train//woman/ac/43a.wav
tidigits/disc_4.1.1/tidigits/train//woman/ac/47a.wav
tidigits/disc_4.1.1/tidigits/train//woman/ac/4876a.wav
tidigits/disc_4.1.1/tidigits/train//woman/ac/4915a.wav
tidigits/disc_4.1.1/tidigits/train//woman/ac/4a.wav
tidigits/disc_4.1.1/tidigits/train//woman/ac/4b.wav
tidigits/disc_4.1.1/tidigits/train//woman/ac/54a.wav
tidigits/disc_4.1.1/tidigits/train//woman/ac/5821a.wav
tidigits/disc_4.1.1/tidigits/train//woman/ac/59z2a.wav
tidigits/disc_4.1.1/tidigits/train//woman/ac/5a.wav
tidigits/disc_4.1.1/tidigits/train//woman/ac/5b.wav
tidigits/disc_4.1.1/tidigits/train//woman/ac/5z26za.wav
tidigits/disc_4.1.1/tidigits/train//woman/ac/5z31zz4a.wav
tidigits/disc_4.1.1/tidigits/train//woman/ac/62793a.wav
tidigits/disc_4.1.1/tidigits/train//woman/ac/635a.wav
tidigits/disc_4.1.1/tidigits/train//woman/ac/68a.wav
tidigits/disc_4.1.1/tidigits/train//woman/ac/6a.wav
tidigits/disc_4.1.1/tidigits/train//woman/ac/6b.wav
tidigits/disc_4.1.1/tidigits/train//woman/ac/6o46a.wav
tidigits/disc_4.1.1/tidigits/train//woman/ac/6z88a.wav
tidigits/disc_4.1.1/tidigits/train//woman/ac/71a.wav
tidigits/disc_4.1.1/tidigits/train//woman/ac/72a.wav
tidigits/disc_4.1.1/tidigits/train//woman/ac/7513za.wav
tidigits/disc_4.1.1/tidigits/train//woman/ac/7932a.wav
tidigits/disc_4.1.1/tidigits/train//woman/ac/7a.wav
tidigits/disc_4.1.1/tidigits/train//woman/ac/7b.wav
tidigits/disc_4.1.1/tidigits/train//woman/ac/7z57a.wav
tidigits/disc_4.1.1/tidigits/train//woman/ac/81a.wav
tidigits/disc_4.1.1/tidigits/train//woman/ac/83966a.wav
tidigits/disc_4.1.1/tidigits/train//woman/ac/889922za.wav
tidigits/disc_4.1.1/tidigits/train//woman/ac/8a.wav
tidigits/disc_4.1.1/tidigits/train//woman/ac/8b.wav
tidigits/disc_4.1.1/tidigits/train//woman/ac/8o4a.wav
tidigits/disc_4.1.1/tidigits/train//woman/ac/8z6983za.wav
tidigits/disc_4.1.1/tidigits/train//woman/ac/92587a.wav
tidigits/disc_4.1.1/tidigits/train//woman/ac/94ooa.wav
tidigits/disc_4.1.1/tidigits/train//woman/ac/951a.wav
tidigits/disc_4.1.1/tidigits/train//woman/ac/964177oa.wav
tidigits/disc_4.1.1/tidigits/train//woman/ac/98a.wav
tidigits/disc_4.1.1/tidigits/train//woman/ac/9a.wav
tidigits/disc_4.1.1/tidigits/train//woman/ac/9b.wav
tidigits/disc_4.1.1/tidigits/train//woman/ac/o22o6ooa.wav
tidigits/disc_4.1.1/tidigits/train//woman/ac/o274a.wav
tidigits/disc_4.1.1/tidigits/train//woman/ac/o6197o8a.wav
tidigits/disc_4.1.1/tidigits/train//woman/ac/o952o99a.wav
tidigits/disc_4.1.1/tidigits/train//woman/ac/oa.wav
tidigits/disc_4.1.1/tidigits/train//woman/ac/ob.wav
tidigits/disc_4.1.1/tidigits/train//woman/ac/oo736a.wav
tidigits/disc_4.1.1/tidigits/train//woman/ac/z12a.wav
tidigits/disc_4.1.1/tidigits/train//woman/ac/z1a.wav
tidigits/disc_4.1.1/tidigits/train//woman/ac/z75a.wav
tidigits/disc_4.1.1/tidigits/train//woman/ac/z849768a.wav
tidigits/disc_4.1.1/tidigits/train//woman/ac/z945a.wav
tidigits/disc_4.1.1/tidigits/train//woman/ac/za.wav
tidigits/disc_4.1.1/tidigits/train//woman/ac/zb.wav
tidigits/disc_4.1.1/tidigits/train//woman/ag/14a.wav
tidigits/disc_4.1.1/tidigits/train//woman/ag/1528a.wav
tidigits/disc_4.1.1/tidigits/train//woman/ag/1736za.wav
tidigits/disc_4.1.1/tidigits/train//woman/ag/179o7a.wav
tidigits/disc_4.1.1/tidigits/train//woman/ag/1a.wav
tidigits/disc_4.1.1/tidigits/train//woman/ag/1b.wav
tidigits/disc_4.1.1/tidigits/train//woman/ag/1o2a.wav
tidigits/disc_4.1.1/tidigits/train//woman/ag/213ooa.wav
tidigits/disc_4.1.1/tidigits/train//woman/ag/24oa.wav
tidigits/disc_4.1.1/tidigits/train//woman/ag/251o4a.wav
tidigits/disc_4.1.1/tidigits/train//woman/ag/26a.wav
tidigits/disc_4.1.1/tidigits/train//woman/ag/2a.wav
tidigits/disc_4.1.1/tidigits/train//woman/ag/2b.wav
tidigits/disc_4.1.1/tidigits/train//woman/ag/2oo1o83a.wav
tidigits/disc_4.1.1/tidigits/train//woman/ag/31za.wav
tidigits/disc_4.1.1/tidigits/train//woman/ag/33a.wav
tidigits/disc_4.1.1/tidigits/train//woman/ag/3528457a.wav
tidigits/disc_4.1.1/tidigits/train//woman/ag/398349oa.wav
tidigits/disc_4.1.1/tidigits/train//woman/ag/3a.wav
tidigits/disc_4.1.1/tidigits/train//woman/ag/3b.wav
tidigits/disc_4.1.1/tidigits/train//woman/ag/3zza.wav
tidigits/disc_4.1.1/tidigits/train//woman/ag/437ooa.wav
tidigits/disc_4.1.1/tidigits/train//woman/ag/446a.wav
tidigits/disc_4.1.1/tidigits/train//woman/ag/451a.wav
tidigits/disc_4.1.1/tidigits/train//woman/ag/4727a.wav
tidigits/disc_4.1.1/tidigits/train//woman/ag/4a.wav
tidigits/disc_4.1.1/tidigits/train//woman/ag/4b.wav
tidigits/disc_4.1.1/tidigits/train//woman/ag/4zz6432a.wav
tidigits/disc_4.1.1/tidigits/train//woman/ag/54a.wav
tidigits/disc_4.1.1/tidigits/train//woman/ag/55z68z3a.wav
tidigits/disc_4.1.1/tidigits/train//woman/ag/56a.wav
tidigits/disc_4.1.1/tidigits/train//woman/ag/58a.wav
tidigits/disc_4.1.1/tidigits/train//woman/ag/59a.wav
tidigits/disc_4.1.1/tidigits/train//woman/ag/5a.wav
tidigits/disc_4.1.1/tidigits/train//woman/ag/5b.wav
tidigits/disc_4.1.1/tidigits/train//woman/ag/632o6a.wav
tidigits/disc_4.1.1/tidigits/train//woman/ag/633za.wav
tidigits/disc_4.1.1/tidigits/train//woman/ag/64122z1a.wav
tidigits/disc_4.1.1/tidigits/train//woman/ag/6547a.wav
tidigits/disc_4.1.1/tidigits/train//woman/ag/67o4a.wav
tidigits/disc_4.1.1/tidigits/train//woman/ag/6a.wav
tidigits/disc_4.1.1/tidigits/train//woman/ag/6b.wav
tidigits/disc_4.1.1/tidigits/train//woman/ag/75942a.wav
tidigits/disc_4.1.1/tidigits/train//woman/ag/76o35a.wav
tidigits/disc_4.1.1/tidigits/train//woman/ag/7712719a.wav
tidigits/disc_4.1.1/tidigits/train//woman/ag/779a.wav
tidigits/disc_4.1.1/tidigits/train//woman/ag/7a.wav
tidigits/disc_4.1.1/tidigits/train//woman/ag/7b.wav
tidigits/disc_4.1.1/tidigits/train//woman/ag/7z5a.wav
tidigits/disc_4.1.1/tidigits/train//woman/ag/81465o1a.wav
tidigits/disc_4.1.1/tidigits/train//woman/ag/824o958a.wav
tidigits/disc_4.1.1/tidigits/train//woman/ag/8613a.wav
tidigits/disc_4.1.1/tidigits/train//woman/ag/8875a.wav
tidigits/disc_4.1.1/tidigits/train//woman/ag/8a.wav
tidigits/disc_4.1.1/tidigits/train//woman/ag/8b.wav
tidigits/disc_4.1.1/tidigits/train//woman/ag/8o53a.wav
tidigits/disc_4.1.1/tidigits/train//woman/ag/92a.wav
tidigits/disc_4.1.1/tidigits/train//woman/ag/95a.wav
tidigits/disc_4.1.1/tidigits/train//woman/ag/96a.wav
tidigits/disc_4.1.1/tidigits/train//woman/ag/9731925a.wav
tidigits/disc_4.1.1/tidigits/train//woman/ag/9a.wav
tidigits/disc_4.1.1/tidigits/train//woman/ag/9b.wav
tidigits/disc_4.1.1/tidigits/train//woman/ag/9z7za.wav
tidigits/disc_4.1.1/tidigits/train//woman/ag/o37a.wav
tidigits/disc_4.1.1/tidigits/train//woman/ag/o6169a.wav
tidigits/disc_4.1.1/tidigits/train//woman/ag/o8448a.wav
tidigits/disc_4.1.1/tidigits/train//woman/ag/o97a.wav
tidigits/disc_4.1.1/tidigits/train//woman/ag/oa.wav
tidigits/disc_4.1.1/tidigits/train//woman/ag/ob.wav
tidigits/disc_4.1.1/tidigits/train//woman/ag/ooa.wav
tidigits/disc_4.1.1/tidigits/train//woman/ag/z236a.wav
tidigits/disc_4.1.1/tidigits/train//woman/ag/z811a.wav
tidigits/disc_4.1.1/tidigits/train//woman/ag/z9485a.wav
tidigits/disc_4.1.1/tidigits/train//woman/ag/z96a.wav
tidigits/disc_4.1.1/tidigits/train//woman/ag/za.wav
tidigits/disc_4.1.1/tidigits/train//woman/ag/zb.wav
tidigits/disc_4.1.1/tidigits/train//woman/ai/1363a.wav
tidigits/disc_4.1.1/tidigits/train//woman/ai/1532oa.wav
tidigits/disc_4.1.1/tidigits/train//woman/ai/156267za.wav
tidigits/disc_4.1.1/tidigits/train//woman/ai/173z1a.wav
tidigits/disc_4.1.1/tidigits/train//woman/ai/1a.wav
tidigits/disc_4.1.1/tidigits/train//woman/ai/1b.wav
tidigits/disc_4.1.1/tidigits/train//woman/ai/1z17a.wav
tidigits/disc_4.1.1/tidigits/train//woman/ai/212a.wav
tidigits/disc_4.1.1/tidigits/train//woman/ai/22a.wav
tidigits/disc_4.1.1/tidigits/train//woman/ai/2411a.wav
tidigits/disc_4.1.1/tidigits/train//woman/ai/282o343a.wav
tidigits/disc_4.1.1/tidigits/train//woman/ai/2935z8za.wav
tidigits/disc_4.1.1/tidigits/train//woman/ai/2a.wav
tidigits/disc_4.1.1/tidigits/train//woman/ai/2b.wav
tidigits/disc_4.1.1/tidigits/train//woman/ai/31a.wav
tidigits/disc_4.1.1/tidigits/train//woman/ai/338a.wav
tidigits/disc_4.1.1/tidigits/train//woman/ai/3664a.wav
tidigits/disc_4.1.1/tidigits/train//woman/ai/373za.wav
tidigits/disc_4.1.1/tidigits/train//woman/ai/39834a.wav
tidigits/disc_4.1.1/tidigits/train//woman/ai/3a.wav
tidigits/disc_4.1.1/tidigits/train//woman/ai/3b.wav
tidigits/disc_4.1.1/tidigits/train//woman/ai/425oo79a.wav
tidigits/disc_4.1.1/tidigits/train//woman/ai/435a.wav
tidigits/disc_4.1.1/tidigits/train//woman/ai/44823a.wav
tidigits/disc_4.1.1/tidigits/train//woman/ai/47o6oa.wav
tidigits/disc_4.1.1/tidigits/train//woman/ai/4a.wav
tidigits/disc_4.1.1/tidigits/train//woman/ai/4b.wav
tidigits/disc_4.1.1/tidigits/train//woman/ai/4o57a.wav
tidigits/disc_4.1.1/tidigits/train//woman/ai/52za.wav
tidigits/disc_4.1.1/tidigits/train//woman/ai/531z766a.wav
tidigits/disc_4.1.1/tidigits/train//woman/ai/5454846a.wav
tidigits/disc_4.1.1/tidigits/train//woman/ai/5578a.wav
tidigits/disc_4.1.1/tidigits/train//woman/ai/5a.wav
tidigits/disc_4.1.1/tidigits/train//woman/ai/5b.wav
tidigits/disc_4.1.1/tidigits/train//woman/ai/5z25a.wav
tidigits/disc_4.1.1/tidigits/train//woman/ai/64o8a.wav
tidigits/disc_4.1.1/tidigits/train//woman/ai/659o8a.wav
tidigits/disc_4.1.1/tidigits/train//woman/ai/686a.wav
tidigits/disc_4.1.1/tidigits/train//woman/ai/69o721oa.wav
tidigits/disc_4.1.1/tidigits/train//woman/ai/6a.wav
tidigits/disc_4.1.1/tidigits/train//woman/ai/6b.wav
tidigits/disc_4.1.1/tidigits/train//woman/ai/6za.wav
tidigits/disc_4.1.1/tidigits/train//woman/ai/7246a.wav
tidigits/disc_4.1.1/tidigits/train//woman/ai/74a.wav
tidigits/disc_4.1.1/tidigits/train//woman/ai/7794971a.wav
tidigits/disc_4.1.1/tidigits/train//woman/ai/7a.wav
tidigits/disc_4.1.1/tidigits/train//woman/ai/7b.wav
tidigits/disc_4.1.1/tidigits/train//woman/ai/7o6a.wav
tidigits/disc_4.1.1/tidigits/train//woman/ai/7z5a.wav
tidigits/disc_4.1.1/tidigits/train//woman/ai/812a.wav
tidigits/disc_4.1.1/tidigits/train//woman/ai/81a.wav
tidigits/disc_4.1.1/tidigits/train//woman/ai/833o4a.wav
tidigits/disc_4.1.1/tidigits/train//woman/ai/8a.wav
tidigits/disc_4.1.1/tidigits/train//woman/ai/8b.wav
tidigits/disc_4.1.1/tidigits/train//woman/ai/8o3o511a.wav
tidigits/disc_4.1.1/tidigits/train//woman/ai/8za.wav
tidigits/disc_4.1.1/tidigits/train//woman/ai/9145289a.wav
tidigits/disc_4.1.1/tidigits/train//woman/ai/914a.wav
tidigits/disc_4.1.1/tidigits/train//woman/ai/922zzz6a.wav
tidigits/disc_4.1.1/tidigits/train//woman/ai/94z9za.wav
tidigits/disc_4.1.1/tidigits/train//woman/ai/95674a.wav
tidigits/disc_4.1.1/tidigits/train//woman/ai/9a.wav
tidigits/disc_4.1.1/tidigits/train//woman/ai/9b.wav
tidigits/disc_4.1.1/tidigits/train//woman/ai/o18a.wav
tidigits/disc_4.1.1/tidigits/train//woman/ai/o1a.wav
tidigits/disc_4.1.1/tidigits/train//woman/ai/oa.wav
tidigits/disc_4.1.1/tidigits/train//woman/ai/ob.wav
tidigits/disc_4.1.1/tidigits/train//woman/ai/oo42a.wav
tidigits/disc_4.1.1/tidigits/train//woman/ai/oo969a.wav
tidigits/disc_4.1.1/tidigits/train//woman/ai/ooa.wav
tidigits/disc_4.1.1/tidigits/train//woman/ai/z2a.wav
tidigits/disc_4.1.1/tidigits/train//woman/ai/z3a.wav
tidigits/disc_4.1.1/tidigits/train//woman/ai/z5168a.wav
tidigits/disc_4.1.1/tidigits/train//woman/ai/z63a.wav
tidigits/disc_4.1.1/tidigits/train//woman/ai/z9a.wav
tidigits/disc_4.1.1/tidigits/train//woman/ai/za.wav
tidigits/disc_4.1.1/tidigits/train//woman/ai/zb.wav
tidigits/disc_4.1.1/tidigits/train//woman/an/11322a.wav
tidigits/disc_4.1.1/tidigits/train//woman/an/145a.wav
tidigits/disc_4.1.1/tidigits/train//woman/an/14a.wav
tidigits/disc_4.1.1/tidigits/train//woman/an/186a.wav
tidigits/disc_4.1.1/tidigits/train//woman/an/1a.wav
tidigits/disc_4.1.1/tidigits/train//woman/an/1b.wav
tidigits/disc_4.1.1/tidigits/train//woman/an/1za.wav
tidigits/disc_4.1.1/tidigits/train//woman/an/217a.wav
tidigits/disc_4.1.1/tidigits/train//woman/an/233a.wav
tidigits/disc_4.1.1/tidigits/train//woman/an/25za.wav
tidigits/disc_4.1.1/tidigits/train//woman/an/297989za.wav
tidigits/disc_4.1.1/tidigits/train//woman/an/2a.wav
tidigits/disc_4.1.1/tidigits/train//woman/an/2b.wav
tidigits/disc_4.1.1/tidigits/train//woman/an/2za.wav
tidigits/disc_4.1.1/tidigits/train//woman/an/3775512a.wav
tidigits/disc_4.1.1/tidigits/train//woman/an/391oa.wav
tidigits/disc_4.1.1/tidigits/train//woman/an/3a.wav
tidigits/disc_4.1.1/tidigits/train//woman/an/3b.wav
tidigits/disc_4.1.1/tidigits/train//woman/an/3o8a.wav
tidigits/disc_4.1.1/tidigits/train//woman/an/3z2z348a.wav
tidigits/disc_4.1.1/tidigits/train//woman/an/3z9z46za.wav
tidigits/disc_4.1.1/tidigits/train//woman/an/41527a.wav
tidigits/disc_4.1.1/tidigits/train//woman/an/41o9a.wav
tidigits/disc_4.1.1/tidigits/train//woman/an/43882a.wav
tidigits/disc_4.1.1/tidigits/train//woman/an/43a.wav
tidigits/disc_4.1.1/tidigits/train//woman/an/442z6a.wav
tidigits/disc_4.1.1/tidigits/train//woman/an/4a.wav
tidigits/disc_4.1.1/tidigits/train//woman/an/4b.wav
tidigits/disc_4.1.1/tidigits/train//woman/an/5342oa.wav
tidigits/disc_4.1.1/tidigits/train//woman/an/57954a.wav
tidigits/disc_4.1.1/tidigits/train//woman/an/58a.wav
tidigits/disc_4.1.1/tidigits/train//woman/an/5a.wav
tidigits/disc_4.1.1/tidigits/train//woman/an/5b.wav
tidigits/disc_4.1.1/tidigits/train//woman/an/5oa.wav
tidigits/disc_4.1.1/tidigits/train//woman/an/5z8a.wav
tidigits/disc_4.1.1/tidigits/train//woman/an/61355ooa.wav
tidigits/disc_4.1.1/tidigits/train//woman/an/6282a.wav
tidigits/disc_4.1.1/tidigits/train//woman/an/6571a.wav
tidigits/disc_4.1.1/tidigits/train//woman/an/66a.wav
tidigits/disc_4.1.1/tidigits/train//woman/an/6989326a.wav
tidigits/disc_4.1.1/tidigits/train//woman/an/6a.wav
tidigits/disc_4.1.1/tidigits/train//woman/an/6b.wav
tidigits/disc_4.1.1/tidigits/train//woman/an/71996a.wav
tidigits/disc_4.1.1/tidigits/train//woman/an/7224953a.wav
tidigits/disc_4.1.1/tidigits/train//woman/an/73a.wav
tidigits/disc_4.1.1/tidigits/train//woman/an/74568a.wav
tidigits/disc_4.1.1/tidigits/train//woman/an/76873a.wav
tidigits/disc_4.1.1/tidigits/train//woman/an/7a.wav
tidigits/disc_4.1.1/tidigits/train//woman/an/7b.wav
tidigits/disc_4.1.1/tidigits/train//woman/an/8476a.wav
tidigits/disc_4.1.1/tidigits/train//woman/an/85a.wav
tidigits/disc_4.1.1/tidigits/train//woman/an/86z99a.wav
tidigits/disc_4.1.1/tidigits/train//woman/an/8852a.wav
tidigits/disc_4.1.1/tidigits/train//woman/an/8a.wav
tidigits/disc_4.1.1/tidigits/train//woman/an/8b.wav
tidigits/disc_4.1.1/tidigits/train//woman/an/8o31o67a.wav
tidigits/disc_4.1.1/tidigits/train//woman/an/9161165a.wav
tidigits/disc_4.1.1/tidigits/train//woman/an/9275815a.wav
tidigits/disc_4.1.1/tidigits/train//woman/an/949a.wav
tidigits/disc_4.1.1/tidigits/train//woman/an/94o8a.wav
tidigits/disc_4.1.1/tidigits/train//woman/an/9a.wav
tidigits/disc_4.1.1/tidigits/train//woman/an/9b.wav
tidigits/disc_4.1.1/tidigits/train//woman/an/9zzza.wav
tidigits/disc_4.1.1/tidigits/train//woman/an/o17a.wav
tidigits/disc_4.1.1/tidigits/train//woman/an/o29a.wav
tidigits/disc_4.1.1/tidigits/train//woman/an/o474oooa.wav
tidigits/disc_4.1.1/tidigits/train//woman/an/o5183a.wav
tidigits/disc_4.1.1/tidigits/train//woman/an/o566a.wav
tidigits/disc_4.1.1/tidigits/train//woman/an/oa.wav
tidigits/disc_4.1.1/tidigits/train//woman/an/ob.wav
tidigits/disc_4.1.1/tidigits/train//woman/an/z125a.wav
tidigits/disc_4.1.1/tidigits/train//woman/an/z59a.wav
tidigits/disc_4.1.1/tidigits/train//woman/an/z6a.wav
tidigits/disc_4.1.1/tidigits/train//woman/an/z7z1a.wav
tidigits/disc_4.1.1/tidigits/train//woman/an/z8a.wav
tidigits/disc_4.1.1/tidigits/train//woman/an/za.wav
tidigits/disc_4.1.1/tidigits/train//woman/an/zb.wav
